=== ОТЧЕТ О ТЕСТИРОВАНИИ === 
29.05.2026 
18:36
 
-------------------------------------------------------- 
[ТЕСТ 1] Успешный маршрут 
Входные данные: 
12.0 3.0 1 3 
Консольный вывод программы: 
Успех! Маршрут найден и сохранен в файл: test_result.dot
СТАТУС: ПРОЙДЕН (Код завершения: 0) 
 
-------------------------------------------------------- 
[ТЕСТ 2] Блокировка по габаритам - RouteImpossible 
Входные данные: 
35.0 3.0 1 3 
Консольный вывод программы: 
Ошибка: Маршрут невозможен из-за ограничений.
Требуется для проезда: масса <= 15.0, высота <= 4.0.
Ваш автомобиль: масса = 35.0, высота = 3.0.
Граф с описанием ошибки сохранен в файл: test_result.dot
СТАТУС: ПРОЙДЕН (Код завершения: 1) 
 
-------------------------------------------------------- 
[ТЕСТ 3] Изолированные пункты - NoRouteExists 
Входные данные: 
10.0 3.0 1 5 
Консольный вывод программы: 
Ошибка: Маршрут не существует.
Пункты 1 и 5 никак не соединены дорогами.
Граф с описанием ошибки сохранен в файл: test_result.dot
СТАТУС: ПРОЙДЕН (Код завершения: 1) 
 
-------------------------------------------------------- 
[ТЕСТ 4] Буквы вместо числа в файле машины 
Входные данные: 
10kg 3.0 1 2 
Консольный вывод программы: 
Ошибка чтения truck.txt: параметр «масса» должен быть числом. Вы ввели «10kg».
СТАТУС: ПРОЙДЕН (Код завершения: 1) 
 
-------------------------------------------------------- 
[ТЕСТ 5] Недостаток параметров в truck.txt 
Входные данные: 
10.0 3.0 1 
Консольный вывод программы: 
Ошибка чтения truck.txt: ожидалось 4 параметра, а найдено 3.
СТАТУС: ПРОЙДЕН (Код завершения: 1) 
 
-------------------------------------------------------- 
[ТЕСТ 6] Выход параметров машины за рамки лимитов 
Входные данные: 
999999 3.0 1 2 
Консольный вывод программы: 
Ошибка: масса автомобиля (999999) выходит за допустимый диапазон (0 - 100000).
СТАТУС: ПРОЙДЕН (Код завершения: 1) 
 
-------------------------------------------------------- 
[ТЕСТ 7] Запуск с несуществующей картой дорог 
Входные данные: 
10.0 3.0 1 2 
Консольный вывод программы: 
Ошибка: Файл «missing_map.dot» не найден. Проверьте правильность пути.
СТАТУС: ПРОЙДЕН (Код завершения: 1) 
 
=== ИТОГОВОЕ ПОКРЫТИЕ === 
Успешно пройдено 7 из 7 тестов. 
